2026-05-31 01:00:03.911 [scheduling-1] INFO  c.wms.inventory.service.impl.InventoryServiceImpl - 开始执行效期状态定时更新任务
2026-05-31 01:00:03.913 [scheduling-1] INFO  c.wms.inventory.service.impl.InventoryServiceImpl - 效期状态定时更新任务执行完成
2026-05-31 11:13:59.456 [main] INFO  com.wms.system.WmsSystemApplication - Starting WmsSystemApplication using Java 11.0.30 on ckk001 with PID 19780 (D:\IT\EasyERP\server\target\classes started by Administrator in D:\IT\EasyERP\server)
2026-05-31 11:13:59.456 [background-preinit] INFO  org.hibernate.validator.internal.util.Version - HV000001: Hibernate Validator 6.2.5.Final
2026-05-31 11:13:59.457 [main] DEBUG com.wms.system.WmsSystemApplication - Running with Spring Boot v2.7.18, Spring v5.3.31
2026-05-31 11:13:59.458 [main] INFO  com.wms.system.WmsSystemApplication - No active profile set, falling back to 1 default profile: "default"
2026-05-31 11:14:00.085 [main] INFO  org.apache.coyote.http11.Http11NioProtocol - Initializing ProtocolHandler ["http-nio-8081"]
2026-05-31 11:14:00.086 [main] INFO  org.apache.catalina.core.StandardService - Starting service [Tomcat]
2026-05-31 11:14:00.086 [main] INFO  org.apache.catalina.core.StandardEngine - Starting Servlet engine: [Apache Tomcat/9.0.83]
2026-05-31 11:14:00.121 [main] INFO  o.a.c.core.ContainerBase.[Tomcat].[localhost].[/] - Initializing Spring embedded WebApplicationContext
2026-05-31 11:14:00.139 [main] DEBUG com.wms.system.filter.JwtAuthenticationFilter - Filter 'jwtAuthenticationFilter' configured for use
2026-05-31 11:14:00.883 [main] WARN  o.s.b.a.s.s.UserDetailsServiceAutoConfiguration - 

Using generated security password: 25cedcd7-c90f-497b-8977-e5cb7d077759

This generated password is for development use only. Your security configuration must be updated before running your application in production.

2026-05-31 11:14:00.914 [main] INFO  o.s.security.web.DefaultSecurityFilterChain - Will secure any request with [org.springframework.security.web.session.DisableEncodeUrlFilter@5fb3111a, org.springframework.security.web.context.request.async.WebAsyncManagerIntegrationFilter@4aaecabd, org.springframework.security.web.context.SecurityContextPersistenceFilter@61394494, org.springframework.security.web.header.HeaderWriterFilter@34136bd1, org.springframework.security.web.authentication.logout.LogoutFilter@37c7766e, com.wms.system.filter.JwtAuthenticationFilter@3f36e8d1, org.springframework.security.web.savedrequest.RequestCacheAwareFilter@45037e16, org.springframework.security.web.servletapi.SecurityContextHolderAwareRequestFilter@2f2e4bde, org.springframework.security.web.authentication.AnonymousAuthenticationFilter@23bd0c81, org.springframework.security.web.session.SessionManagementFilter@6c0b51da, org.springframework.security.web.access.ExceptionTranslationFilter@691567ea, org.springframework.security.web.access.intercept.FilterSecurityInterceptor@7e3d2ebd]
2026-05-31 11:14:01.036 [main] INFO  org.apache.coyote.http11.Http11NioProtocol - Starting ProtocolHandler ["http-nio-8081"]
2026-05-31 11:14:01.053 [main] INFO  com.wms.system.WmsSystemApplication - Started WmsSystemApplication in 1.8 seconds (JVM running for 1.938)
2026-05-31 11:14:01.055 [main] INFO  com.zaxxer.hikari.HikariDataSource - HikariPool-1 - Starting...
2026-05-31 11:14:01.106 [main] INFO  com.zaxxer.hikari.HikariDataSource - HikariPool-1 - Start completed.
2026-05-31 11:14:01.126 [main] INFO  com.wms.system.config.DatabasePatcher - Patched base_location.code to VARCHAR(50)
2026-05-31 11:14:01.132 [main] INFO  com.wms.system.config.DatabasePatcher - Created wms_exception_order table
2026-05-31 11:14:01.160 [main] INFO  com.wms.system.config.DatabasePatcher - Created wms_exception_item table
2026-05-31 11:14:01.186 [main] INFO  com.wms.system.config.DatabasePatcher - Database patches applied successfully
2026-05-31 11:14:54.801 [http-nio-8081-exec-1] INFO  o.a.c.core.ContainerBase.[Tomcat].[localhost].[/] - Initializing Spring DispatcherServlet 'dispatcherServlet'
2026-05-31 11:37:39.282 [background-preinit] INFO  org.hibernate.validator.internal.util.Version - HV000001: Hibernate Validator 6.2.5.Final
2026-05-31 11:37:39.284 [main] INFO  com.wms.system.WmsSystemApplication - Starting WmsSystemApplication v1.0.0 using Java 11.0.30 on ckk001 with PID 39460 (D:\IT\EasyERP\server\target\wms-system-1.0.0.jar started by Administrator in D:\IT\EasyERP\server)
2026-05-31 11:37:39.284 [main] DEBUG com.wms.system.WmsSystemApplication - Running with Spring Boot v2.7.18, Spring v5.3.31
2026-05-31 11:37:39.285 [main] INFO  com.wms.system.WmsSystemApplication - No active profile set, falling back to 1 default profile: "default"
2026-05-31 11:37:40.359 [main] INFO  org.apache.coyote.http11.Http11NioProtocol - Initializing ProtocolHandler ["http-nio-8081"]
2026-05-31 11:37:40.360 [main] INFO  org.apache.catalina.core.StandardService - Starting service [Tomcat]
2026-05-31 11:37:40.360 [main] INFO  org.apache.catalina.core.StandardEngine - Starting Servlet engine: [Apache Tomcat/9.0.83]
2026-05-31 11:37:40.415 [main] INFO  o.a.c.core.ContainerBase.[Tomcat].[localhost].[/] - Initializing Spring embedded WebApplicationContext
2026-05-31 11:37:40.449 [main] DEBUG com.wms.system.filter.JwtAuthenticationFilter - Filter 'jwtAuthenticationFilter' configured for use
2026-05-31 11:37:41.852 [main] WARN  o.s.b.a.s.s.UserDetailsServiceAutoConfiguration - 

Using generated security password: 77d3e4ef-c089-4140-9e1a-e99e2ba4356d

This generated password is for development use only. Your security configuration must be updated before running your application in production.

2026-05-31 11:37:42.011 [main] INFO  o.s.security.web.DefaultSecurityFilterChain - Will secure any request with [org.springframework.security.web.session.DisableEncodeUrlFilter@710d7aff, org.springframework.security.web.context.request.async.WebAsyncManagerIntegrationFilter@2d7e1102, org.springframework.security.web.context.SecurityContextPersistenceFilter@74fef3f7, org.springframework.security.web.header.HeaderWriterFilter@17ca8b92, org.springframework.security.web.authentication.logout.LogoutFilter@69b2f8e5, com.wms.system.filter.JwtAuthenticationFilter@31e3250d, org.springframework.security.web.savedrequest.RequestCacheAwareFilter@30feffc, org.springframework.security.web.servletapi.SecurityContextHolderAwareRequestFilter@67207d8a, org.springframework.security.web.authentication.AnonymousAuthenticationFilter@65327f5, org.springframework.security.web.session.SessionManagementFilter@3b0ca5e1, org.springframework.security.web.access.ExceptionTranslationFilter@591fd34d, org.springframework.security.web.access.intercept.FilterSecurityInterceptor@7b60c3e]
2026-05-31 11:37:42.464 [main] INFO  org.apache.coyote.http11.Http11NioProtocol - Starting ProtocolHandler ["http-nio-8081"]
2026-05-31 11:37:42.476 [main] WARN  o.s.b.w.s.c.AnnotationConfigServletWebServerApplicationContext - Exception encountered during context initialization - cancelling refresh attempt: org.springframework.context.ApplicationContextException: Failed to start bean 'webServerStartStop'; nested exception is org.springframework.boot.web.server.PortInUseException: Port 8081 is already in use
2026-05-31 11:37:42.481 [main] INFO  org.apache.coyote.http11.Http11NioProtocol - Pausing ProtocolHandler ["http-nio-8081"]
2026-05-31 11:37:42.482 [main] INFO  org.apache.catalina.core.StandardService - Stopping service [Tomcat]
2026-05-31 11:37:42.487 [main] INFO  org.apache.coyote.http11.Http11NioProtocol - Stopping ProtocolHandler ["http-nio-8081"]
2026-05-31 11:37:42.488 [main] INFO  org.apache.coyote.http11.Http11NioProtocol - Destroying ProtocolHandler ["http-nio-8081"]
2026-05-31 11:37:42.523 [main] ERROR o.s.b.diagnostics.LoggingFailureAnalysisReporter - 

***************************
APPLICATION FAILED TO START
***************************

Description:

Web server failed to start. Port 8081 was already in use.

Action:

Identify and stop the process that's listening on port 8081 or configure this application to listen on another port.

2026-05-31 11:38:44.670 [background-preinit] INFO  org.hibernate.validator.internal.util.Version - HV000001: Hibernate Validator 6.2.5.Final
2026-05-31 11:38:44.679 [main] INFO  com.wms.system.WmsSystemApplication - Starting WmsSystemApplication v1.0.0 using Java 11.0.30 on ckk001 with PID 37124 (D:\IT\EasyERP\server\target\wms-system-1.0.0.jar started by Administrator in D:\IT\EasyERP\server)
2026-05-31 11:38:44.680 [main] DEBUG com.wms.system.WmsSystemApplication - Running with Spring Boot v2.7.18, Spring v5.3.31
2026-05-31 11:38:44.680 [main] INFO  com.wms.system.WmsSystemApplication - No active profile set, falling back to 1 default profile: "default"
2026-05-31 11:38:45.786 [main] INFO  org.apache.coyote.http11.Http11NioProtocol - Initializing ProtocolHandler ["http-nio-8081"]
2026-05-31 11:38:45.787 [main] INFO  org.apache.catalina.core.StandardService - Starting service [Tomcat]
2026-05-31 11:38:45.787 [main] INFO  org.apache.catalina.core.StandardEngine - Starting Servlet engine: [Apache Tomcat/9.0.83]
2026-05-31 11:38:45.831 [main] INFO  o.a.c.core.ContainerBase.[Tomcat].[localhost].[/] - Initializing Spring embedded WebApplicationContext
2026-05-31 11:38:45.865 [main] DEBUG com.wms.system.filter.JwtAuthenticationFilter - Filter 'jwtAuthenticationFilter' configured for use
2026-05-31 11:38:47.304 [main] WARN  o.s.b.a.s.s.UserDetailsServiceAutoConfiguration - 

Using generated security password: 45155952-5404-444e-85aa-48caebefbf91

This generated password is for development use only. Your security configuration must be updated before running your application in production.

2026-05-31 11:38:47.434 [main] INFO  o.s.security.web.DefaultSecurityFilterChain - Will secure any request with [org.springframework.security.web.session.DisableEncodeUrlFilter@6d367020, org.springframework.security.web.context.request.async.WebAsyncManagerIntegrationFilter@72458efc, org.springframework.security.web.context.SecurityContextPersistenceFilter@6a933be2, org.springframework.security.web.header.HeaderWriterFilter@1ec7d8b3, org.springframework.security.web.authentication.logout.LogoutFilter@70325d20, com.wms.system.filter.JwtAuthenticationFilter@7383eae2, org.springframework.security.web.savedrequest.RequestCacheAwareFilter@648ee871, org.springframework.security.web.servletapi.SecurityContextHolderAwareRequestFilter@375b5b7f, org.springframework.security.web.authentication.AnonymousAuthenticationFilter@36bc415e, org.springframework.security.web.session.SessionManagementFilter@69eb86b4, org.springframework.security.web.access.ExceptionTranslationFilter@5491f68b, org.springframework.security.web.access.intercept.FilterSecurityInterceptor@2d7e1102]
2026-05-31 11:38:47.921 [main] INFO  org.apache.coyote.http11.Http11NioProtocol - Starting ProtocolHandler ["http-nio-8081"]
2026-05-31 11:38:47.987 [main] INFO  com.wms.system.WmsSystemApplication - Started WmsSystemApplication in 3.685 seconds (JVM running for 3.928)
2026-05-31 11:38:48.000 [main] INFO  com.zaxxer.hikari.HikariDataSource - HikariPool-1 - Starting...
2026-05-31 11:38:48.201 [main] INFO  com.zaxxer.hikari.HikariDataSource - HikariPool-1 - Start completed.
2026-05-31 11:38:48.221 [main] INFO  com.wms.system.config.DatabasePatcher - Patched base_location.code to VARCHAR(50)
2026-05-31 11:38:48.227 [main] INFO  com.wms.system.config.DatabasePatcher - Created wms_exception_order table
2026-05-31 11:38:48.258 [main] INFO  com.wms.system.config.DatabasePatcher - Created wms_exception_item table
2026-05-31 11:38:48.304 [main] INFO  com.wms.system.config.DatabasePatcher - Database patches applied successfully
2026-05-31 11:39:10.710 [http-nio-8081-exec-1] INFO  o.a.c.core.ContainerBase.[Tomcat].[localhost].[/] - Initializing Spring DispatcherServlet 'dispatcherServlet'
2026-05-31 11:41:09.461 [background-preinit] INFO  org.hibernate.validator.internal.util.Version - HV000001: Hibernate Validator 6.2.5.Final
2026-05-31 11:41:09.462 [main] INFO  com.wms.system.WmsSystemApplication - Starting WmsSystemApplication v1.0.0 using Java 11.0.30 on ckk001 with PID 36584 (D:\IT\EasyERP\server\target\wms-system-1.0.0.jar started by Administrator in D:\IT\EasyERP\server)
2026-05-31 11:41:09.463 [main] DEBUG com.wms.system.WmsSystemApplication - Running with Spring Boot v2.7.18, Spring v5.3.31
2026-05-31 11:41:09.463 [main] INFO  com.wms.system.WmsSystemApplication - No active profile set, falling back to 1 default profile: "default"
2026-05-31 11:41:10.610 [main] INFO  org.apache.coyote.http11.Http11NioProtocol - Initializing ProtocolHandler ["http-nio-8081"]
2026-05-31 11:41:10.611 [main] INFO  org.apache.catalina.core.StandardService - Starting service [Tomcat]
2026-05-31 11:41:10.611 [main] INFO  org.apache.catalina.core.StandardEngine - Starting Servlet engine: [Apache Tomcat/9.0.83]
2026-05-31 11:41:10.649 [main] INFO  o.a.c.core.ContainerBase.[Tomcat].[localhost].[/] - Initializing Spring embedded WebApplicationContext
2026-05-31 11:41:10.692 [main] DEBUG com.wms.system.filter.JwtAuthenticationFilter - Filter 'jwtAuthenticationFilter' configured for use
2026-05-31 11:41:12.022 [main] WARN  o.s.b.a.s.s.UserDetailsServiceAutoConfiguration - 

Using generated security password: 2c9bc88b-ae48-4460-8b29-920de7b5f32b

This generated password is for development use only. Your security configuration must be updated before running your application in production.

2026-05-31 11:41:12.157 [main] INFO  o.s.security.web.DefaultSecurityFilterChain - Will secure any request with [org.springframework.security.web.session.DisableEncodeUrlFilter@6569dded, org.springframework.security.web.context.request.async.WebAsyncManagerIntegrationFilter@466d49f0, org.springframework.security.web.context.SecurityContextPersistenceFilter@5bb3131b, org.springframework.security.web.header.HeaderWriterFilter@7c9b78e3, org.springframework.security.web.authentication.logout.LogoutFilter@378bd86d, com.wms.system.filter.JwtAuthenticationFilter@3276732, org.springframework.security.web.savedrequest.RequestCacheAwareFilter@3eba57a7, org.springframework.security.web.servletapi.SecurityContextHolderAwareRequestFilter@272a179c, org.springframework.security.web.authentication.AnonymousAuthenticationFilter@710d7aff, org.springframework.security.web.session.SessionManagementFilter@45394b31, org.springframework.security.web.access.ExceptionTranslationFilter@4b6ac111, org.springframework.security.web.access.intercept.FilterSecurityInterceptor@312afbc7]
2026-05-31 11:41:12.598 [main] INFO  org.apache.coyote.http11.Http11NioProtocol - Starting ProtocolHandler ["http-nio-8081"]
2026-05-31 11:41:12.657 [main] INFO  com.wms.system.WmsSystemApplication - Started WmsSystemApplication in 3.585 seconds (JVM running for 3.835)
2026-05-31 11:41:12.667 [main] INFO  com.zaxxer.hikari.HikariDataSource - HikariPool-1 - Starting...
2026-05-31 11:41:12.889 [main] INFO  com.zaxxer.hikari.HikariDataSource - HikariPool-1 - Start completed.
2026-05-31 11:41:12.911 [main] INFO  com.wms.system.config.DatabasePatcher - Patched base_location.code to VARCHAR(50)
2026-05-31 11:41:12.917 [main] INFO  com.wms.system.config.DatabasePatcher - Created wms_exception_order table
2026-05-31 11:41:12.948 [main] INFO  com.wms.system.config.DatabasePatcher - Created wms_exception_item table
2026-05-31 11:41:13.001 [main] INFO  com.wms.system.config.DatabasePatcher - Database patches applied successfully
2026-05-31 11:41:35.999 [http-nio-8081-exec-1] INFO  o.a.c.core.ContainerBase.[Tomcat].[localhost].[/] - Initializing Spring DispatcherServlet 'dispatcherServlet'
